HI 1000 -1000
HI 2 -1000
2 0 1 1 0 1 0
HI 1000 -1000
HI 2 -1000
HI 1000 -1000
HI 2 0
2 0 1 4 1 1 1
HI 1000 -1000
HI 1000 -1000
2 0 3 1 0 3 0
HI 1000 -1000
3 0 3 1 4 4 0
HI 1000 -1000
HI 1000 0
HI 4 0
2 0 3 4 1 3 1
HI 4 2
2 0 3 4 3 3 3
HI 1000 -1000
2 1 0 1 4 4 0
HI 1000 -1000
HI 1000 -1000
HI 1000 -1000
HI 1000 -1000
HI 1000 -1000
HI 1000 0
HI 1000 0
HI 1000 0
HI 1000 -1000
2 3 0 3 4 4 0
HI 1000 -1000
3 3 0 4 1 4 0
HI 1000 -1000
HI 1000 -1000
2 3 4 4 1 4 1
HI 1000 2
2 3 4 4 3 4 3
HI 1000 -1000
3
4
